Kotlin Toolchain version 0.13.0 (abc7a5f, 2026-09-30)
running on Linux 7.2.8 jvm arch amd64

00:01.087 DEBUG                           MockProjectInitializer$DebugLogger Loaded text for file /home/mark/Nextcloud/Documents/School/2026 - Fall/SWE/tmp/libs.versions.toml
00:01.103 DEBUG                           MockProjectInitializer$DebugLogger INFO: null: java.lang.ExceptionInInitializerError
	at com.intellij.DynamicBundle.getParent(DynamicBundle.java:152)
	at com.intellij.DynamicBundle.resolveBundleOrder(DynamicBundle.java:165)
	at com.intellij.DynamicBundle.resolveResourceBundle(DynamicBundle.java:123)
	at com.intellij.DynamicBundle.lambda$findBundle$2(DynamicBundle.java:83)
	at java.base/java.util.concurrent.ConcurrentMap.computeIfAbsent(Unknown Source)
	at com.intellij.DynamicBundle.findBundle(DynamicBundle.java:82)
	at com.intellij.AbstractBundle.getResourceBundle$lambda$0(AbstractBundle.kt:162)
	at com.intellij.AbstractBundle$Companion.resolveResourceBundleWithFallback(AbstractBundle.kt:86)
	at com.intellij.AbstractBundle.getResourceBundle(AbstractBundle.kt:161)
	at com.intellij.AbstractBundle.getMessage(AbstractBundle.kt:112)
	at com.intellij.analysis.AnalysisBundle.message(AnalysisBundle.java:20)
	at com.intellij.lang.parser.GeneratedParserUtilBase.reportError(GeneratedParserUtilBase.java:772)
	at com.intellij.lang.parser.GeneratedParserUtilBase.exit_section_impl_(GeneratedParserUtilBase.java:563)
	at com.intellij.lang.parser.GeneratedParserUtilBase.exit_section_(GeneratedParserUtilBase.java:500)
	at com.intellij.lang.parser.GeneratedParserUtilBase.exit_section_(GeneratedParserUtilBase.java:477)
	at org.toml.lang.parse.TomlParser.ArrayTableHeader(TomlParser.java:163)
	at org.toml.lang.parse.TomlParser.ArrayTable(TomlParser.java:136)
	at org.toml.lang.parse.TomlParser.FileForm(TomlParser.java:238)
	at org.toml.lang.parse.TomlParser.File(TomlParser.java:225)
	at org.toml.lang.parse.TomlParser.parse_root_(TomlParser.java:35)
	at org.toml.lang.parse.TomlParser.parse_root_(TomlParser.java:31)
	at org.toml.lang.parse.TomlParser.parseLight(TomlParser.java:26)
	at org.toml.lang.parse.TomlParser.parse(TomlParser.java:18)
	at com.intellij.psi.tree.ILazyParseableElementType.doParseContents(ILazyParseableElementType.java:65)
	at com.intellij.psi.tree.IFileElementType.parseContents(IFileElementType.java:38)
	at com.intellij.psi.impl.source.tree.LazyParseableElement.lambda$ensureParsed$2(LazyParseableElement.java:183)
	at com.intellij.psi.impl.DebugUtil.performPsiModification(DebugUtil.java:589)
	at com.intellij.psi.impl.source.tree.LazyParseableElement.ensureParsed(LazyParseableElement.java:182)
	at com.intellij.psi.impl.source.tree.LazyParseableElement.getFirstChildNode(LazyParseableElement.java:234)
	at com.intellij.psi.impl.source.tree.LazyParseableElement.getFirstChildNode(LazyParseableElement.java:25)
	at com.intellij.psi.impl.source.tree.SharedImplUtil.getFirstChild(SharedImplUtil.java:41)
	at com.intellij.psi.impl.source.PsiFileImpl.getFirstChild(PsiFileImpl.java:907)
	at com.intellij.psi.util.PsiTreeUtil.getChildrenOfTypeAsList(PsiTreeUtil.java:492)
	at org.jetbrains.amper.frontend.catalogs.Gradle_catalogKt.findTableOrNull(gradle-catalog.kt:128)
	at org.jetbrains.amper.frontend.catalogs.Gradle_catalogKt.parseCatalogLibraries(gradle-catalog.kt:76)
	at org.jetbrains.amper.frontend.catalogs.Gradle_catalogKt.parseGradleVersionCatalog(gradle-catalog.kt:65)
	at org.jetbrains.amper.frontend.project.StandaloneAmperProjectContext.projectVersionsCatalog_delegate$lambda$0(StandaloneAmperProjectContext.kt:57)
	at kotlin.SynchronizedLazyImpl.getValue(LazyJVM.kt:86)
	at org.jetbrains.amper.frontend.project.StandaloneAmperProjectContext.getProjectVersionsCatalog(StandaloneAmperProjectContext.kt:53)
	at org.jetbrains.amper.frontend.aomBuilder.BuildKt.doReadProjectModel(build.kt:105)
	at org.jetbrains.amper.frontend.aomBuilder.BuildKt.doReadProjectModel$default(build.kt:92)
	at org.jetbrains.amper.frontend.aomBuilder.BuildKt.readProjectModel(build.kt:86)
	at org.jetbrains.amper.cli.project.ProjectKt$preparePluginsAndReadModel$$inlined$use$3.invokeSuspend(tracing.kt:103)
	at org.jetbrains.amper.cli.project.ProjectKt$preparePluginsAndReadModel$$inlined$use$3.invoke(tracing.kt)
	at org.jetbrains.amper.cli.project.ProjectKt$preparePluginsAndReadModel$$inlined$use$3.invoke(tracing.kt)
	at kotlinx.coroutines.intrinsics.UndispatchedKt.startUndispatched(Undispatched.kt:66)
	at kotlinx.coroutines.intrinsics.UndispatchedKt.startUndispatchedOrReturn(Undispatched.kt:43)
	at kotlinx.coroutines.BuildersKt__Builders_commonKt.withContext(Builders.common.kt:497)
	at kotlinx.coroutines.BuildersKt.withContext(Unknown Source)
	at org.jetbrains.amper.cli.project.ProjectKt.preparePluginsAndReadModel(project.kt:97)
	at org.jetbrains.amper.cli.commands.RunCommand.run(RunCommand.kt:194)
	at org.jetbrains.amper.cli.commands.AmperProjectAwareCommand.run(AmperProjectAwareCommand.kt:29)
	at org.jetbrains.amper.cli.MainKt$mainWithTelemetry$$inlined$use$2.invokeSuspend(tracing.kt:102)
	at org.jetbrains.amper.cli.MainKt$mainWithTelemetry$$inlined$use$2.invoke(tracing.kt)
	at org.jetbrains.amper.cli.MainKt$mainWithTelemetry$$inlined$use$2.invoke(tracing.kt)
	at kotlinx.coroutines.intrinsics.UndispatchedKt.startUndispatched(Undispatched.kt:66)
	at kotlinx.coroutines.intrinsics.UndispatchedKt.startUndispatchedOrReturn(Undispatched.kt:43)
	at kotlinx.coroutines.BuildersKt__Builders_commonKt.withContext(Builders.common.kt:497)
	at kotlinx.coroutines.BuildersKt.withContext(Unknown Source)
	at org.jetbrains.amper.cli.MainKt.mainWithTelemetry(main.kt:188)
	at org.jetbrains.amper.cli.MainKt.access$mainWithTelemetry(main.kt:1)
	at org.jetbrains.amper.cli.MainKt$main$$inlined$use$1.invokeSuspend(tracing.kt:114)
	at org.jetbrains.amper.cli.MainKt$main$$inlined$use$1.invoke(tracing.kt)
	at org.jetbrains.amper.cli.MainKt$main$$inlined$use$1.invoke(tracing.kt)
	at kotlinx.coroutines.intrinsics.UndispatchedKt.startUndispatched(Undispatched.kt:66)
	at kotlinx.coroutines.intrinsics.UndispatchedKt.startUndispatchedOrReturn(Undispatched.kt:43)
	at kotlinx.coroutines.BuildersKt__Builders_commonKt.withContext(Builders.common.kt:497)
	at kotlinx.coroutines.BuildersKt.withContext(Unknown Source)
	at org.jetbrains.amper.cli.MainKt.main(main.kt:180)
	at org.jetbrains.amper.cli.MainKt$main$3.invoke(main.kt)
	at org.jetbrains.amper.cli.MainKt$main$3.invoke(main.kt)
	at kotlin.coroutines.intrinsics.IntrinsicsKt__IntrinsicsJvmKt$createCoroutineUnintercepted$$inlined$createCoroutineFromSuspendFunction$IntrinsicsKt__IntrinsicsJvmKt$1.invokeSuspend(IntrinsicsJvm.kt:271)
	at kotlin.coroutines.jvm.internal.BaseContinuationImpl.resumeWith(ContinuationImpl.kt:34)
	at kotlin.coroutines.ContinuationKt.startCoroutine(Continuation.kt:115)
	at kotlin.coroutines.jvm.internal.RunSuspendKt.runSuspend(RunSuspend.kt:19)
	at org.jetbrains.amper.cli.MainKt.main(main.kt)
Caused by: java.lang.reflect.InaccessibleObjectException: Unable to make protected void java.util.ResourceBundle.setParent(java.util.ResourceBundle) accessible: module java.base does not "opens java.util" to unnamed module @59d4cd39
	at java.base/java.lang.reflect.AccessibleObject.throwInaccessibleObjectException(Unknown Source)
	at java.base/java.lang.reflect.AccessibleObject.checkCanSetAccessible(Unknown Source)
	at java.base/java.lang.reflect.AccessibleObject.checkCanSetAccessible(Unknown Source)
	at java.base/java.lang.reflect.Method.checkCanSetAccessible(Unknown Source)
	at java.base/java.lang.reflect.Method.setAccessible(Unknown Source)
	at com.intellij.DynamicBundle$DynamicBundleInternal.<clinit>(DynamicBundle.java:223)
	... 76 more
00:01.104 DEBUG                           MockProjectInitializer$DebugLogger No bundles found in: localization//messages/AnalysisBundle
00:01.123 DEBUG                           MockProjectInitializer$DebugLogger Loaded text for file /home/mark/Nextcloud/Documents/School/2026 - Fall/SWE/tmp/desktopApp/module.yaml
00:01.179 DEBUG                           MockProjectInitializer$DebugLogger Loaded text for file /home/mark/Nextcloud/Documents/School/2026 - Fall/SWE/tmp/shared/module.yaml
00:01.323 DEBUG                           HotReloadLoop             Initial reading model
00:01.330 DEBUG                           HotReloadLoop             Started server
00:01.353 DEBUG                           HotReloadLoop             Running the app
00:01.543 DEBUG :desktopApp:resolveDependenciesJvm ResolveExternalDependenciesTask$Companion resolve dependencies desktopApp -- main -- ch.qos.logback:logback-classic:1.6.2 org.jetbrains.compose.components:components-resources:1.12.1 org.jetbrains.compose.desktop:desktop-jvm-linux-x64:1.12.1 org.jetbrains.compose.runtime:runtime:1.12.1 org.jetbrains.compose.ui:ui-tooling-preview:1.12.1 org.jetbrains.kotlin:kotlin-stdlib:2.4.20 org.jetbrains.kotlinx:kotlinx-coroutines-swing:1.11.0 -- resolvePlatform=jvm nativeTarget=null wasmTarget=null
00:01.543 DEBUG :shared:resolveDependenciesJvm ResolveExternalDependenciesTask$Companion resolve dependencies shared -- common jvm -- org.jetbrains.androidx.lifecycle:lifecycle-runtime-compose:2.11.0 org.jetbrains.androidx.lifecycle:lifecycle-viewmodel-compose:2.11.0 org.jetbrains.compose.components:components-resources:1.12.1 org.jetbrains.compose.foundation:foundation:1.12.1 org.jetbrains.compose.hot-reload:hot-reload-runtime-api:1.2.0 org.jetbrains.compose.material3:material3:1.12.0-alpha03 org.jetbrains.compose.runtime:runtime:1.12.1 org.jetbrains.compose.ui:ui-tooling-preview:1.12.1 org.jetbrains.compose.ui:ui:1.12.1 org.jetbrains.kotlin:kotlin-stdlib:2.4.20 -- resolvePlatform=jvm nativeTarget=null wasmTarget=null
00:01.565 DEBUG generated/desktopApp/main/preparedComposeResources IncrementalCache          [inc] 'generated/desktopApp/main/preparedComposeResources' is up-to-date according to state file at '/home/mark/Nextcloud/Documents/School/2026 - Fall/SWE/tmp/build/incremental.state/generated_desktopApp_main_preparedComposeResources-8e579013c4'
00:01.565 DEBUG generated/shared/jvm/preparedComposeResources IncrementalCache          [inc] 'generated/shared/jvm/preparedComposeResources' is up-to-date according to state file at '/home/mark/Nextcloud/Documents/School/2026 - Fall/SWE/tmp/build/incremental.state/generated_shared_jvm_preparedComposeResources-1d350bfa93'
00:01.565 DEBUG generated/desktopApp/main/src/compose/resources/commonResClass IncrementalCache          [inc] 'generated/desktopApp/main/src/compose/resources/commonResClass' is up-to-date according to state file at '/home/mark/Nextcloud/Documents/School/2026 - Fall/SWE/tmp/build/incremental.state/generated_desktopApp_main_src_compose_resources_co-67c7083b86'
00:01.571 DEBUG generated/shared/common/src/compose/resources/commonResClass IncrementalCache          [inc] 'generated/shared/common/src/compose/resources/commonResClass' is up-to-date according to state file at '/home/mark/Nextcloud/Documents/School/2026 - Fall/SWE/tmp/build/incremental.state/generated_shared_common_src_compose_resources_comm-fc9064597f'
00:01.571 DEBUG generated/shared/common/src/compose/resources/collectors IncrementalCache          [inc] 'generated/shared/common/src/compose/resources/collectors' is up-to-date according to state file at '/home/mark/Nextcloud/Documents/School/2026 - Fall/SWE/tmp/build/incremental.state/generated_shared_common_src_compose_resources_coll-6024fa8cd8'
00:01.572 DEBUG generated/shared/common/preparedComposeResources IncrementalCache          [inc] 'generated/shared/common/preparedComposeResources' is up-to-date according to state file at '/home/mark/Nextcloud/Documents/School/2026 - Fall/SWE/tmp/build/incremental.state/generated_shared_common_preparedComposeResources-812b5731f2'
00:01.573 DEBUG artifacts/MergedPreparedComposeResourcesDirArtifact/desktopAppjvm IncrementalCache          [inc] 'artifacts/MergedPreparedComposeResourcesDirArtifact/desktopAppjvm' is up-to-date according to state file at '/home/mark/Nextcloud/Documents/School/2026 - Fall/SWE/tmp/build/incremental.state/artifacts_MergedPreparedComposeResourcesDirArtifac-a0e66cddf3'
00:01.573 DEBUG generated/desktopApp/main/src/compose/resources/accessors IncrementalCache          [inc] 'generated/desktopApp/main/src/compose/resources/accessors' is up-to-date according to state file at '/home/mark/Nextcloud/Documents/School/2026 - Fall/SWE/tmp/build/incremental.state/generated_desktopApp_main_src_compose_resources_ac-8f19883539'
00:01.573 DEBUG generated/shared/jvm/src/compose/resources/accessors IncrementalCache          [inc] 'generated/shared/jvm/src/compose/resources/accessors' is up-to-date according to state file at '/home/mark/Nextcloud/Documents/School/2026 - Fall/SWE/tmp/build/incremental.state/generated_shared_jvm_src_compose_resources_accesso-aaa7e316a6'
00:01.575 DEBUG generated/desktopApp/main/src/compose/resources/collectors IncrementalCache          [inc] 'generated/desktopApp/main/src/compose/resources/collectors' is up-to-date according to state file at '/home/mark/Nextcloud/Documents/School/2026 - Fall/SWE/tmp/build/incremental.state/generated_desktopApp_main_src_compose_resources_co-87c85a03e4'
00:01.576 DEBUG artifacts/MergedPreparedComposeResourcesDirArtifact/sharedjvm IncrementalCache          [inc] 'artifacts/MergedPreparedComposeResourcesDirArtifact/sharedjvm' is up-to-date according to state file at '/home/mark/Nextcloud/Documents/School/2026 - Fall/SWE/tmp/build/incremental.state/artifacts_MergedPreparedComposeResourcesDirArtifac-d5de9df12a'
00:01.576 DEBUG artifacts/JvmResourcesDirArtifact/desktopAppmain IncrementalCache          [inc] 'artifacts/JvmResourcesDirArtifact/desktopAppmain' is up-to-date according to state file at '/home/mark/Nextcloud/Documents/School/2026 - Fall/SWE/tmp/build/incremental.state/artifacts_JvmResourcesDirArtifact_desktopAppmain-5d271d904d'
00:01.576 DEBUG generated/shared/common/src/compose/resources/accessors IncrementalCache          [inc] 'generated/shared/common/src/compose/resources/accessors' is up-to-date according to state file at '/home/mark/Nextcloud/Documents/School/2026 - Fall/SWE/tmp/build/incremental.state/generated_shared_common_src_compose_resources_acce-347744fde5'
00:01.580 DEBUG generated/shared/jvm/src/compose/resources/collectors IncrementalCache          [inc] 'generated/shared/jvm/src/compose/resources/collectors' is up-to-date according to state file at '/home/mark/Nextcloud/Documents/School/2026 - Fall/SWE/tmp/build/incremental.state/generated_shared_jvm_src_compose_resources_collect-aca6143b55'
00:01.580 DEBUG artifacts/JvmResourcesDirArtifact/sharedjvm IncrementalCache          [inc] 'artifacts/JvmResourcesDirArtifact/sharedjvm' is up-to-date according to state file at '/home/mark/Nextcloud/Documents/School/2026 - Fall/SWE/tmp/build/incremental.state/artifacts_JvmResourcesDirArtifact_sharedjvm-4acfc20f30'
00:01.610 DEBUG :shared:resolveDependenciesJvm IncrementalCache          [inc] 'shared:jvm:main' is up-to-date according to state file at '/home/mark/Nextcloud/Documents/School/2026 - Fall/SWE/tmp/build/incremental.state/shared_jvm_main-7ec3b60b83'
00:01.614 DEBUG :desktopApp:resolveDependenciesJvm IncrementalCache          [inc] 'desktopApp:jvm:main' is up-to-date according to state file at '/home/mark/Nextcloud/Documents/School/2026 - Fall/SWE/tmp/build/incremental.state/desktopApp_jvm_main-0b47dc1da0'
00:01.640 DEBUG :desktopApp:resolveDependenciesJvm ResolveExternalDependenciesTask$Companion resolve dependencies desktopApp -- main -- ch.qos.logback:logback-classic:1.6.2 org.jetbrains.compose.components:components-resources:1.12.1 org.jetbrains.compose.desktop:desktop-jvm-linux-x64:1.12.1 org.jetbrains.compose.runtime:runtime:1.12.1 org.jetbrains.compose.ui:ui-tooling-preview:1.12.1 org.jetbrains.kotlin:kotlin-stdlib:2.4.20 org.jetbrains.kotlinx:kotlinx-coroutines-swing:1.11.0 -- resolvePlatform=JVM nativeTarget=null
wasmTarget=null
https://repo1.maven.org/maven2 https://maven.google.com resolved to:
  .m2.cache/org/jetbrains/kotlinx/kotlinx-coroutines-swing/1.11.0/kotlinx-coroutines-swing-1.11.0.jar
  .m2.cache/ch/qos/logback/logback-classic/1.6.2/logback-classic-1.6.2.jar
  .m2.cache/org/jetbrains/kotlin/kotlin-stdlib/2.4.20/kotlin-stdlib-2.4.20.jar
  .m2.cache/org/jetbrains/compose/ui/ui-tooling-preview-desktop/1.12.1/ui-tooling-preview-desktop-1.12.1.jar
  .m2.cache/ch/qos/logback/logback-core/1.6.2/logback-core-1.6.2.jar
  .m2.cache/org/slf4j/slf4j-api/2.0.18/slf4j-api-2.0.18.jar
  .m2.cache/org/jetbrains/annotations/23.0.0/annotations-23.0.0.jar
  .m2.cache/org/jetbrains/compose/runtime/runtime-desktop/1.12.1/runtime-desktop-1.12.1.jar
  .m2.cache/org/jetbrains/compose/components/components-resources-desktop/1.12.1/components-resources-desktop-1.12.1.jar
  .m2.cache/org/jetbrains/compose/desktop/desktop-jvm/1.12.1/desktop-jvm-1.12.1.jar
  .m2.cache/org/jetbrains/kotlinx/kotlinx-coroutines-core-jvm/1.11.0/kotlinx-coroutines-core-jvm-1.11.0.jar
  .m2.cache/androidx/annotation/annotation-jvm/1.9.1/annotation-jvm-1.9.1.jar
  .m2.cache/androidx/compose/runtime/runtime-desktop/1.12.1/runtime-desktop-1.12.1.jar
  .m2.cache/org/jetbrains/compose/foundation/foundation-desktop/1.12.1/foundation-desktop-1.12.1.jar
  .m2.cache/org/jetbrains/compose/material/material-desktop/1.12.1/material-desktop-1.12.1.jar
  .m2.cache/org/jetbrains/compose/ui/ui-desktop/1.12.1/ui-desktop-1.12.1.jar
  .m2.cache/androidx/compose/runtime/runtime-annotation-jvm/1.12.1/runtime-annotation-jvm-1.12.1.jar
  .m2.cache/androidx/collection/collection-jvm/1.5.0/collection-jvm-1.5.0.jar
  .m2.cache/org/jetbrains/compose/animation/animation-desktop/1.12.1/animation-desktop-1.12.1.jar
  .m2.cache/org/jetbrains/skiko/skiko-awt/0.150.1/skiko-awt-0.150.1.jar
  .m2.cache/org/jetbrains/compose/animation/animation-core-desktop/1.12.1/animation-core-desktop-1.12.1.jar
  .m2.cache/org/jetbrains/compose/material/material-ripple-desktop/1.12.1/material-ripple-desktop-1.12.1.jar
  .m2.cache/org/jetbrains/compose/ui/ui-text-desktop/1.12.1/ui-text-desktop-1.12.1.jar
  .m2.cache/androidx/compose/runtime/runtime-retain-desktop/1.12.1/runtime-retain-desktop-1.12.1.jar
  .m2.cache/androidx/savedstate/savedstate-compose-desktop/1.4.0/savedstate-compose-desktop-1.4.0.jar
  .m2.cache/org/jetbrains/androidx/lifecycle/lifecycle-runtime-compose-desktop/2.11.0/lifecycle-runtime-compose-desktop-2.11.0.jar
  .m2.cache/org/jetbrains/compose/runtime/runtime-saveable-desktop/1.12.1/runtime-saveable-desktop-1.12.1.jar
  .m2.cache/org/jetbrains/compose/ui/ui-geometry-desktop/1.12.1/ui-geometry-desktop-1.12.1.jar
  .m2.cache/org/jetbrains/compose/ui/ui-graphics-desktop/1.12.1/ui-graphics-desktop-1.12.1.jar
  .m2.cache/org/jetbrains/compose/ui/ui-unit-desktop/1.12.1/ui-unit-desktop-1.12.1.jar
  .m2.cache/org/jetbrains/compose/ui/ui-util-desktop/1.12.1/ui-util-desktop-1.12.1.jar
  .m2.cache/org/jetbrains/compose/foundation/foundation-layout-desktop/1.12.1/foundation-layout-desktop-1.12.1.jar
  .m2.cache/androidx/savedstate/savedstate-desktop/1.4.0/savedstate-desktop-1.4.0.jar
  .m2.cache/androidx/lifecycle/lifecycle-runtime-compose-desktop/2.11.0/lifecycle-runtime-compose-desktop-2.11.0.jar
  .m2.cache/org/jetbrains/androidx/lifecycle/lifecycle-runtime-desktop/2.11.0/lifecycle-runtime-desktop-2.11.0.jar
  .m2.cache/androidx/compose/runtime/runtime-saveable-desktop/1.12.1/runtime-saveable-desktop-1.12.1.jar
  .m2.cache/org/jetbrains/androidx/savedstate/savedstate-compose-desktop/1.3.6/savedstate-compose-desktop-1.3.6.jar
  .m2.cache/org/jetbrains/kotlinx/kotlinx-serialization-core-jvm/1.7.3/kotlinx-serialization-core-jvm-1.7.3.jar
  .m2.cache/androidx/lifecycle/lifecycle-runtime-desktop/2.11.0/lifecycle-runtime-desktop-2.11.0.jar
  .m2.cache/org/jetbrains/androidx/lifecycle/lifecycle-common-jvm/2.11.0/lifecycle-common-jvm-2.11.0.jar
  .m2.cache/androidx/arch/core/core-common/2.2.0/core-common-2.2.0.jar
  .m2.cache/androidx/lifecycle/lifecycle-common-jvm/2.11.0/lifecycle-common-jvm-2.11.0.jar
  .m2.cache/org/jspecify/jspecify/1.0.0/jspecify-1.0.0.jar
00:01.640 DEBUG :shared:resolveDependenciesJvm ResolveExternalDependenciesTask$Companion resolve dependencies shared -- common jvm -- org.jetbrains.androidx.lifecycle:lifecycle-runtime-compose:2.11.0 org.jetbrains.androidx.lifecycle:lifecycle-viewmodel-compose:2.11.0 org.jetbrains.compose.components:components-resources:1.12.1 org.jetbrains.compose.foundation:foundation:1.12.1 org.jetbrains.compose.hot-reload:hot-reload-runtime-api:1.2.0 org.jetbrains.compose.material3:material3:1.12.0-alpha03 org.jetbrains.compose.runtime:runtime:1.12.1 org.jetbrains.compose.ui:ui-tooling-preview:1.12.1 org.jetbrains.compose.ui:ui:1.12.1 org.jetbrains.kotlin:kotlin-stdlib:2.4.20 -- resolvePlatform=JVM nativeTarget=null
wasmTarget=null
https://repo1.maven.org/maven2 https://maven.google.com https://packages.jetbrains.team/maven/p/amper/compose-hot-reload resolved to:
  .m2.cache/org/jetbrains/kotlin/kotlin-stdlib/2.4.20/kotlin-stdlib-2.4.20.jar
  .m2.cache/org/jetbrains/compose/runtime/runtime-desktop/1.12.1/runtime-desktop-1.12.1.jar
  .m2.cache/org/jetbrains/compose/foundation/foundation-desktop/1.12.1/foundation-desktop-1.12.1.jar
  .m2.cache/org/jetbrains/compose/material3/material3-desktop/1.12.0-alpha03/material3-desktop-1.12.0-alpha03.jar
  .m2.cache/org/jetbrains/compose/ui/ui-desktop/1.12.1/ui-desktop-1.12.1.jar
  .m2.cache/org/jetbrains/compose/components/components-resources-desktop/1.12.1/components-resources-desktop-1.12.1.jar
  .m2.cache/org/jetbrains/compose/ui/ui-tooling-preview-desktop/1.12.1/ui-tooling-preview-desktop-1.12.1.jar
  .m2.cache/org/jetbrains/compose/hot-reload/hot-reload-runtime-api-jvm/1.2.0/hot-reload-runtime-api-jvm-1.2.0.jar
  .m2.cache/org/jetbrains/androidx/lifecycle/lifecycle-viewmodel-compose-desktop/2.11.0/lifecycle-viewmodel-compose-desktop-2.11.0.jar
  .m2.cache/org/jetbrains/androidx/lifecycle/lifecycle-runtime-compose-desktop/2.11.0/lifecycle-runtime-compose-desktop-2.11.0.jar
  .m2.cache/org/jetbrains/annotations/23.0.0/annotations-23.0.0.jar
  .m2.cache/androidx/compose/runtime/runtime-desktop/1.12.1/runtime-desktop-1.12.1.jar
  .m2.cache/androidx/collection/collection-jvm/1.5.0/collection-jvm-1.5.0.jar
  .m2.cache/org/jetbrains/compose/animation/animation-desktop/1.12.1/animation-desktop-1.12.1.jar
  .m2.cache/org/jetbrains/skiko/skiko-awt/0.150.1/skiko-awt-0.150.1.jar
  .m2.cache/androidx/graphics/graphics-shapes-desktop/1.1.0/graphics-shapes-desktop-1.1.0.jar
  .m2.cache/org/jetbrains/compose/foundation/foundation-layout-desktop/1.12.1/foundation-layout-desktop-1.12.1.jar
  .m2.cache/org/jetbrains/compose/material/material-ripple-desktop/1.12.0-beta01/material-ripple-desktop-1.12.0-beta01.jar
  .m2.cache/org/jetbrains/compose/ui/ui-text-desktop/1.12.1/ui-text-desktop-1.12.1.jar
  .m2.cache/androidx/annotation/annotation-jvm/1.9.1/annotation-jvm-1.9.1.jar
  .m2.cache/androidx/compose/runtime/runtime-retain-desktop/1.12.1/runtime-retain-desktop-1.12.1.jar
  .m2.cache/androidx/savedstate/savedstate-compose-desktop/1.4.0/savedstate-compose-desktop-1.4.0.jar
  .m2.cache/org/jetbrains/compose/runtime/runtime-saveable-desktop/1.12.1/runtime-saveable-desktop-1.12.1.jar
  .m2.cache/org/jetbrains/compose/ui/ui-geometry-desktop/1.12.1/ui-geometry-desktop-1.12.1.jar
  .m2.cache/org/jetbrains/compose/ui/ui-graphics-desktop/1.12.1/ui-graphics-desktop-1.12.1.jar
  .m2.cache/org/jetbrains/compose/ui/ui-unit-desktop/1.12.1/ui-unit-desktop-1.12.1.jar
  .m2.cache/org/jetbrains/compose/ui/ui-util-desktop/1.12.1/ui-util-desktop-1.12.1.jar
  .m2.cache/org/jetbrains/compose/hot-reload/hot-reload-annotations-jvm/1.2.0/hot-reload-annotations-jvm-1.2.0.jar
  .m2.cache/androidx/lifecycle/lifecycle-viewmodel-compose-desktop/2.11.0/lifecycle-viewmodel-compose-desktop-2.11.0.jar
  .m2.cache/org/jetbrains/androidx/lifecycle/lifecycle-common-jvm/2.11.0/lifecycle-common-jvm-2.11.0.jar
  .m2.cache/org/jetbrains/androidx/lifecycle/lifecycle-viewmodel-desktop/2.11.0/lifecycle-viewmodel-desktop-2.11.0.jar
  .m2.cache/org/jetbrains/androidx/lifecycle/lifecycle-viewmodel-savedstate-desktop/2.11.0/lifecycle-viewmodel-savedstate-desktop-2.11.0.jar
  .m2.cache/androidx/lifecycle/lifecycle-runtime-compose-desktop/2.11.0/lifecycle-runtime-compose-desktop-2.11.0.jar
  .m2.cache/org/jetbrains/androidx/lifecycle/lifecycle-runtime-desktop/2.11.0/lifecycle-runtime-desktop-2.11.0.jar
  .m2.cache/androidx/compose/runtime/runtime-annotation-jvm/1.12.1/runtime-annotation-jvm-1.12.1.jar
  .m2.cache/org/jetbrains/kotlinx/kotlinx-coroutines-core-jvm/1.11.0/kotlinx-coroutines-core-jvm-1.11.0.jar
  .m2.cache/org/jetbrains/compose/animation/animation-core-desktop/1.12.1/animation-core-desktop-1.12.1.jar
  .m2.cache/androidx/savedstate/savedstate-desktop/1.4.0/savedstate-desktop-1.4.0.jar
  .m2.cache/androidx/compose/runtime/runtime-saveable-desktop/1.12.1/runtime-saveable-desktop-1.12.1.jar
  .m2.cache/org/jetbrains/androidx/savedstate/savedstate-compose-desktop/1.3.6/savedstate-compose-desktop-1.3.6.jar
  .m2.cache/androidx/lifecycle/lifecycle-common-jvm/2.11.0/lifecycle-common-jvm-2.11.0.jar
  .m2.cache/androidx/lifecycle/lifecycle-viewmodel-desktop/2.11.0/lifecycle-viewmodel-desktop-2.11.0.jar
  .m2.cache/androidx/lifecycle/lifecycle-viewmodel-savedstate-desktop/2.11.0/lifecycle-viewmodel-savedstate-desktop-2.11.0.jar
  .m2.cache/org/jetbrains/kotlinx/kotlinx-serialization-core-jvm/1.7.3/kotlinx-serialization-core-jvm-1.7.3.jar
  .m2.cache/androidx/lifecycle/lifecycle-runtime-desktop/2.11.0/lifecycle-runtime-desktop-2.11.0.jar
  .m2.cache/org/jspecify/jspecify/1.0.0/jspecify-1.0.0.jar
  .m2.cache/androidx/arch/core/core-common/2.2.0/core-common-2.2.0.jar
00:01.643 DEBUG :shared:compileJvm        JvmCompileTask            compile shared -- common jvm
00:01.661 DEBUG :shared:compileJvm        JdkProvider               JAVA_HOME is not set (or empty). The Kotlin Toolchain will provision a JDK instead.
00:01.681 DEBUG :shared:compileJvm        IncrementalCache          [inc] 'jdk-provisioning_{"majorVersion":25}' is up-to-date according to state file at '/home/mark/Nextcloud/Documents/School/2026 - Fall/SWE/tmp/build/incremental.state/jdk-provisioning___majorVersion__25_-a1d432fb5a'
00:01.725 DEBUG :shared:compileJvm        IncrementalCache          [inc] ':shared:compileJvm' is up-to-date according to state file at '/home/mark/Nextcloud/Documents/School/2026 - Fall/SWE/tmp/build/incremental.state/_shared_compileJvm-e433f6a16d'
00:01.729 DEBUG :desktopApp:compileJvm    JvmCompileTask            compile desktopApp -- main
00:01.730 DEBUG :desktopApp:compileJvm    JdkProvider               JAVA_HOME is not set (or empty). The Kotlin Toolchain will provision a JDK instead.
00:01.750 DEBUG :desktopApp:compileJvm    IncrementalCache          [inc] ':desktopApp:compileJvm' is up-to-date according to state file at '/home/mark/Nextcloud/Documents/School/2026 - Fall/SWE/tmp/build/incremental.state/_desktopApp_compileJvm-e8b74fac4e'
00:01.757 DEBUG :desktopApp:hotRunJvm     JdkProvider               JAVA_HOME is not set (or empty). The Kotlin Toolchain will provision a JDK instead.
00:01.765 DEBUG :desktopApp:hotRunJvm     IncrementalCache          [inc] 'jdk-provisioning_{"majorVersion":25,"distributions":["JetBrainsRuntime"]}' is up-to-date according to state file at '/home/mark/Nextcloud/Documents/School/2026 - Fall/SWE/tmp/build/incremental.state/jdk-provisioning___majorVersion__25__distributions-3d067c7242'
00:01.773 DEBUG :desktopApp:hotRunJvm     IncrementalCache          [inc] 'resolve-[org.jetbrains.compose.hot-reload:hot-reload-agent:1.2.0, org.jetbrains.compose.hot-reload:hot-reload-runtime-jvm:1.2.0] (RUNTIME, JVM)' is up-to-date according to state file at '/home/mark/Nextcloud/Documents/School/2026 - Fall/SWE/tmp/build/incremental.state/resolve-_org.jetbrains.compose.hot-reload_hot-relo-d627170d0a'
00:01.778 DEBUG :desktopApp:hotRunJvm     IncrementalCache          [inc] 'resolve-[org.jetbrains.compose.hot-reload:hot-reload-agent:1.2.0, org.jetbrains.compose.hot-reload:hot-reload-runtime-jvm:1.2.0] (RUNTIME, JVM)' is up-to-date according to state file at '/home/mark/Nextcloud/Documents/School/2026 - Fall/SWE/tmp/build/incremental.state/resolve-_org.jetbrains.compose.hot-reload_hot-relo-d627170d0a'
00:01.804 DEBUG :desktopApp:hotRunJvm     IncrementalCache          [inc] 'resolve-[org.jetbrains.compose.hot-reload:hot-reload-devtools:1.2.0, org.jetbrains.compose.desktop:desktop-jvm-linux-x64:1.12.1] (RUNTIME, JVM)' is up-to-date according to state file at '/home/mark/Nextcloud/Documents/School/2026 - Fall/SWE/tmp/build/incremental.state/resolve-_org.jetbrains.compose.hot-reload_hot-relo-7180389f04'
00:01.810 DEBUG :desktopApp:hotRunJvm     ProcessRunner             [cmd] /home/mark/.cache/JetBrains/Kotlin/extract.cache/32578e5ff5-jbrsdk-25.0.4.1-linux-x64-b635.70.tar.gz.fb5378.d/jbrsdk-25.0.4.1-linux-x64-b635.70/bin/java '@/home/mark/Nextcloud/Documents/School/2026 - Fall/SWE/tmp/build/temp/java-args-5942634182289472568.txt'
00:02.347 DEBUG                           HotReloadLoop             Finished waiting for the app/server for reload loop
00:02.351 DEBUG                           HotReloadLoop             Waiting for changes...
